[ models/temporal ] Channel dimensions: [(7, 32), (32, 64), (64, 128), (128, 256)]
[(7, 32), (32, 64), (64, 128), (128, 256)]
Attempting to load checkpoints/model_unsafe_vpsto locally...
Local weights not found. Downloading from Hugging Face Hub...
Done
acados was compiled without OpenMP.

qpOASES -- An Implementation of the Online Active Set Strategy.
Copyright (C) 2007-2015 by Hans Joachim Ferreau, Andreas Potschka,
Christian Kirches et al. All rights reserved.

qpOASES is distributed under the terms of the 
GNU Lesser General Public License 2.1 in the hope that it will be 
useful, but WITHOUT ANY WARRANTY; without even the implied warranty 
of MERCHANTABILITY or FITNESS FOR A PARTICULAR PURPOSE. 
See the GNU Lesser General Public License for more details.

OOD_SANITY=PASS
completed 1/100 scenarios
completed 2/100 scenarios
completed 3/100 scenarios
completed 4/100 scenarios
completed 5/100 scenarios
completed 6/100 scenarios
completed 7/100 scenarios
completed 8/100 scenarios
completed 9/100 scenarios
completed 10/100 scenarios
completed 11/100 scenarios
completed 12/100 scenarios
completed 13/100 scenarios
completed 14/100 scenarios
completed 15/100 scenarios
completed 16/100 scenarios
completed 17/100 scenarios
completed 18/100 scenarios
completed 19/100 scenarios
completed 20/100 scenarios
completed 21/100 scenarios
completed 22/100 scenarios
completed 23/100 scenarios
completed 24/100 scenarios
completed 25/100 scenarios
completed 26/100 scenarios
completed 27/100 scenarios
completed 28/100 scenarios
completed 29/100 scenarios
completed 30/100 scenarios
completed 31/100 scenarios
completed 32/100 scenarios
completed 33/100 scenarios
completed 34/100 scenarios
completed 35/100 scenarios
completed 36/100 scenarios
completed 37/100 scenarios
completed 38/100 scenarios
completed 39/100 scenarios
completed 40/100 scenarios
completed 41/100 scenarios
completed 42/100 scenarios
completed 43/100 scenarios
completed 44/100 scenarios
completed 45/100 scenarios
completed 46/100 scenarios
completed 47/100 scenarios
completed 48/100 scenarios
completed 49/100 scenarios
completed 50/100 scenarios
completed 51/100 scenarios
completed 52/100 scenarios
completed 53/100 scenarios
completed 54/100 scenarios
completed 55/100 scenarios
completed 56/100 scenarios
completed 57/100 scenarios
completed 58/100 scenarios
completed 59/100 scenarios
completed 60/100 scenarios
completed 61/100 scenarios
completed 62/100 scenarios
completed 63/100 scenarios
completed 64/100 scenarios
completed 65/100 scenarios
completed 66/100 scenarios
completed 67/100 scenarios
completed 68/100 scenarios
completed 69/100 scenarios
completed 70/100 scenarios
completed 71/100 scenarios
completed 72/100 scenarios
completed 73/100 scenarios
completed 74/100 scenarios
completed 75/100 scenarios
completed 76/100 scenarios
completed 77/100 scenarios
completed 78/100 scenarios
completed 79/100 scenarios
completed 80/100 scenarios
completed 81/100 scenarios
completed 82/100 scenarios
completed 83/100 scenarios
completed 84/100 scenarios
completed 85/100 scenarios
completed 86/100 scenarios
completed 87/100 scenarios
completed 88/100 scenarios
completed 89/100 scenarios
completed 90/100 scenarios
completed 91/100 scenarios
completed 92/100 scenarios
completed 93/100 scenarios
completed 94/100 scenarios
completed 95/100 scenarios
completed 96/100 scenarios
completed 97/100 scenarios
completed 98/100 scenarios
completed 99/100 scenarios
completed 100/100 scenarios
artifacts written to /workspace/yflow-robot-arm/experiments/ood_no_replace
