[ models/temporal ] Channel dimensions: [(7, 32), (32, 64), (64, 128), (128, 256)]
[(7, 32), (32, 64), (64, 128), (128, 256)]
Attempting to load checkpoints/model_unsafe_vpsto locally...
Local weights not found. Downloading from Hugging Face Hub...
Done
acados was compiled without OpenMP.

qpOASES -- An Implementation of the Online Active Set Strategy.
Copyright (C) 2007-2015 by Hans Joachim Ferreau, Andreas Potschka,
Christian Kirches et al. All rights reserved.

qpOASES is distributed under the terms of the 
GNU Lesser General Public License 2.1 in the hope that it will be 
useful, but WITHOUT ANY WARRANTY; without even the implied warranty 
of MERCHANTABILITY or FITNESS FOR A PARTICULAR PURPOSE. 
See the GNU Lesser General Public License for more details.

completed 1/192: task=0 seed=0
completed 2/192: task=0 seed=1
completed 3/192: task=0 seed=2
completed 4/192: task=0 seed=3
completed 5/192: task=0 seed=4
completed 6/192: task=0 seed=5
completed 7/192: task=0 seed=6
completed 8/192: task=0 seed=7
completed 9/192: task=0 seed=8
completed 10/192: task=0 seed=9
completed 11/192: task=0 seed=10
completed 12/192: task=0 seed=11
completed 13/192: task=0 seed=12
completed 14/192: task=0 seed=13
completed 15/192: task=0 seed=14
completed 16/192: task=0 seed=15
completed 17/192: task=0 seed=16
completed 18/192: task=0 seed=17
completed 19/192: task=0 seed=18
completed 20/192: task=0 seed=19
completed 21/192: task=0 seed=20
completed 22/192: task=0 seed=21
completed 23/192: task=0 seed=22
completed 24/192: task=0 seed=23
completed 25/192: task=0 seed=24
completed 26/192: task=0 seed=25
completed 27/192: task=0 seed=26
completed 28/192: task=0 seed=27
completed 29/192: task=0 seed=28
completed 30/192: task=0 seed=29
completed 31/192: task=0 seed=30
completed 32/192: task=0 seed=31
completed 33/192: task=1 seed=0
completed 34/192: task=1 seed=1
completed 35/192: task=1 seed=2
completed 36/192: task=1 seed=3
completed 37/192: task=1 seed=4
completed 38/192: task=1 seed=5
completed 39/192: task=1 seed=6
completed 40/192: task=1 seed=7
completed 41/192: task=1 seed=8
completed 42/192: task=1 seed=9
completed 43/192: task=1 seed=10
completed 44/192: task=1 seed=11
completed 45/192: task=1 seed=12
completed 46/192: task=1 seed=13
completed 47/192: task=1 seed=14
completed 48/192: task=1 seed=15
completed 49/192: task=1 seed=16
completed 50/192: task=1 seed=17
completed 51/192: task=1 seed=18
completed 52/192: task=1 seed=19
completed 53/192: task=1 seed=20
completed 54/192: task=1 seed=21
completed 55/192: task=1 seed=22
completed 56/192: task=1 seed=23
completed 57/192: task=1 seed=24
completed 58/192: task=1 seed=25
completed 59/192: task=1 seed=26
completed 60/192: task=1 seed=27
completed 61/192: task=1 seed=28
completed 62/192: task=1 seed=29
completed 63/192: task=1 seed=30
completed 64/192: task=1 seed=31
completed 65/192: task=2 seed=0
completed 66/192: task=2 seed=1
completed 67/192: task=2 seed=2
completed 68/192: task=2 seed=3
completed 69/192: task=2 seed=4
completed 70/192: task=2 seed=5
completed 71/192: task=2 seed=6
completed 72/192: task=2 seed=7
completed 73/192: task=2 seed=8
completed 74/192: task=2 seed=9
completed 75/192: task=2 seed=10
completed 76/192: task=2 seed=11
completed 77/192: task=2 seed=12
completed 78/192: task=2 seed=13
completed 79/192: task=2 seed=14
completed 80/192: task=2 seed=15
completed 81/192: task=2 seed=16
completed 82/192: task=2 seed=17
completed 83/192: task=2 seed=18
completed 84/192: task=2 seed=19
completed 85/192: task=2 seed=20
completed 86/192: task=2 seed=21
completed 87/192: task=2 seed=22
completed 88/192: task=2 seed=23
completed 89/192: task=2 seed=24
completed 90/192: task=2 seed=25
completed 91/192: task=2 seed=26
completed 92/192: task=2 seed=27
completed 93/192: task=2 seed=28
completed 94/192: task=2 seed=29
completed 95/192: task=2 seed=30
completed 96/192: task=2 seed=31
completed 97/192: task=3 seed=0
completed 98/192: task=3 seed=1
completed 99/192: task=3 seed=2
completed 100/192: task=3 seed=3
completed 101/192: task=3 seed=4
completed 102/192: task=3 seed=5
completed 103/192: task=3 seed=6
completed 104/192: task=3 seed=7
completed 105/192: task=3 seed=8
completed 106/192: task=3 seed=9
completed 107/192: task=3 seed=10
completed 108/192: task=3 seed=11
completed 109/192: task=3 seed=12
completed 110/192: task=3 seed=13
completed 111/192: task=3 seed=14
completed 112/192: task=3 seed=15
completed 113/192: task=3 seed=16
completed 114/192: task=3 seed=17
completed 115/192: task=3 seed=18
completed 116/192: task=3 seed=19
completed 117/192: task=3 seed=20
completed 118/192: task=3 seed=21
completed 119/192: task=3 seed=22
completed 120/192: task=3 seed=23
completed 121/192: task=3 seed=24
completed 122/192: task=3 seed=25
completed 123/192: task=3 seed=26
completed 124/192: task=3 seed=27
completed 125/192: task=3 seed=28
completed 126/192: task=3 seed=29
completed 127/192: task=3 seed=30
completed 128/192: task=3 seed=31
completed 129/192: task=4 seed=0
completed 130/192: task=4 seed=1
completed 131/192: task=4 seed=2
completed 132/192: task=4 seed=3
completed 133/192: task=4 seed=4
completed 134/192: task=4 seed=5
completed 135/192: task=4 seed=6
completed 136/192: task=4 seed=7
completed 137/192: task=4 seed=8
completed 138/192: task=4 seed=9
completed 139/192: task=4 seed=10
completed 140/192: task=4 seed=11
completed 141/192: task=4 seed=12
completed 142/192: task=4 seed=13
completed 143/192: task=4 seed=14
completed 144/192: task=4 seed=15
completed 145/192: task=4 seed=16
completed 146/192: task=4 seed=17
completed 147/192: task=4 seed=18
completed 148/192: task=4 seed=19
completed 149/192: task=4 seed=20
completed 150/192: task=4 seed=21
completed 151/192: task=4 seed=22
completed 152/192: task=4 seed=23
completed 153/192: task=4 seed=24
completed 154/192: task=4 seed=25
completed 155/192: task=4 seed=26
completed 156/192: task=4 seed=27
completed 157/192: task=4 seed=28
completed 158/192: task=4 seed=29
completed 159/192: task=4 seed=30
completed 160/192: task=4 seed=31
completed 161/192: task=5 seed=0
completed 162/192: task=5 seed=1
completed 163/192: task=5 seed=2
completed 164/192: task=5 seed=3
completed 165/192: task=5 seed=4
completed 166/192: task=5 seed=5
completed 167/192: task=5 seed=6
completed 168/192: task=5 seed=7
completed 169/192: task=5 seed=8
completed 170/192: task=5 seed=9
completed 171/192: task=5 seed=10
completed 172/192: task=5 seed=11
completed 173/192: task=5 seed=12
completed 174/192: task=5 seed=13
completed 175/192: task=5 seed=14
completed 176/192: task=5 seed=15
completed 177/192: task=5 seed=16
completed 178/192: task=5 seed=17
completed 179/192: task=5 seed=18
completed 180/192: task=5 seed=19
completed 181/192: task=5 seed=20
completed 182/192: task=5 seed=21
completed 183/192: task=5 seed=22
completed 184/192: task=5 seed=23
completed 185/192: task=5 seed=24
completed 186/192: task=5 seed=25
completed 187/192: task=5 seed=26
completed 188/192: task=5 seed=27
completed 189/192: task=5 seed=28
completed 190/192: task=5 seed=29
completed 191/192: task=5 seed=30
completed 192/192: task=5 seed=31
artifacts written to /workspace/yflow-robot-arm/experiments/pov_projection_phase2

real	14m22.341s
user	13m47.210s
sys	0m42.662s
PHASE2_EXIT=0
