[ models/temporal ] Channel dimensions: [(7, 32), (32, 64), (64, 128), (128, 256)]
[(7, 32), (32, 64), (64, 128), (128, 256)]
Attempting to load checkpoints/model_unsafe_vpsto locally...
Local weights not found. Downloading from Hugging Face Hub...
Done
acados was compiled without OpenMP.

qpOASES -- An Implementation of the Online Active Set Strategy.
Copyright (C) 2007-2015 by Hans Joachim Ferreau, Andreas Potschka,
Christian Kirches et al. All rights reserved.

qpOASES is distributed under the terms of the 
GNU Lesser General Public License 2.1 in the hope that it will be 
useful, but WITHOUT ANY WARRANTY; without even the implied warranty 
of MERCHANTABILITY or FITNESS FOR A PARTICULAR PURPOSE. 
See the GNU Lesser General Public License for more details.

{
  "projection_formulation": "strong soft Cartesian cost at returned knot H-1: 1000 * ||FK(q_H)-x_goal||^2",
  "identity_projection_invariance": {
    "max_abs_difference": 0.0,
    "l2_difference": 0.0,
    "passed": true
  },
  "projection_fixed_point": {
    "count": 6,
    "median_correction": 4.093694065024967e-08,
    "mean_correction": 2.5909332612071196e-07,
    "maximum_correction": 7.578531051036021e-07,
    "first_projection_successes": 6,
    "passed": true
  },
  "goal_preservation": {
    "successful_projection_count": 6,
    "attempted_projection_count": 6,
    "goal_error_before_median": 0.4717021303835426,
    "goal_error_after_median": 0.4343009885228777,
    "goal_error_before_mean": 0.5859715801742232,
    "goal_error_after_mean": 0.3989034290956082,
    "fraction_not_worsened": 0.8333333333333334,
    "per_attempt": [
      {
        "solver_success": true,
        "solver_status": 0,
        "solver_runtime_sec": 0.01037479896331206,
        "total_runtime_sec": 0.09454625798389316,
        "solver_iterations": 1,
        "objective_value": 222.46138882638553,
        "correction_norm": 2.392152455426575,
        "min_clearance_before": 0.07128309431491557,
        "min_clearance_after": 0.04105707520412526,
        "total_violation_before": 4.166937333011627,
        "total_violation_after": 0.0,
        "joint_violation_before": 0.0,
        "joint_violation_after": 0.0,
        "velocity_violation_before": 0.26482270326614366,
        "velocity_violation_after": 0.0,
        "acceleration_violation_before": 3.9021146297454834,
        "acceleration_violation_after": 0.0,
        "goal_error_before": 0.4667795981086212,
        "goal_error_after": 0.46555232228474275,
        "corridor_collision_count": 0,
        "error": ""
      },
      {
        "solver_success": true,
        "solver_status": 0,
        "solver_runtime_sec": 0.010521112009882927,
        "total_runtime_sec": 0.09451452799839899,
        "solver_iterations": 1,
        "objective_value": 83.96435425075164,
        "correction_norm": 2.567096925776541,
        "min_clearance_before": 0.023263957447231254,
        "min_clearance_after": 0.01601111193070949,
        "total_violation_before": 0.43109700083732605,
        "total_violation_after": 0.0,
        "joint_violation_before": 0.0,
        "joint_violation_after": 0.0,
        "velocity_violation_before": 0.0,
        "velocity_violation_after": 0.0,
        "acceleration_violation_before": 0.43109700083732605,
        "acceleration_violation_after": 0.0,
        "goal_error_before": 0.47662466265846404,
        "goal_error_after": 0.27816245645823756,
        "corridor_collision_count": 0,
        "error": ""
      },
      {
        "solver_success": true,
        "solver_status": 0,
        "solver_runtime_sec": 0.01033524697413668,
        "total_runtime_sec": 0.09392670204397291,
        "solver_iterations": 1,
        "objective_value": 230.3476038223444,
        "correction_norm": 3.5898879024462174,
        "min_clearance_before": 0.07063500264935187,
        "min_clearance_after": -0.018376458622485214,
        "total_violation_before": 1.8910266574859618,
        "total_violation_after": 0.018376458622485214,
        "joint_violation_before": 0.0,
        "joint_violation_after": 0.0,
        "velocity_violation_before": 0.24900690879821763,
        "velocity_violation_after": 0.0,
        "acceleration_violation_before": 1.6420197486877441,
        "acceleration_violation_after": 0.0,
        "goal_error_before": 0.38667434017866437,
        "goal_error_after": 0.4663263729388984,
        "corridor_collision_count": 0,
        "error": ""
      },
      {
        "solver_success": true,
        "solver_status": 0,
        "solver_runtime_sec": 0.010560943046584725,
        "total_runtime_sec": 0.09362782404059544,
        "solver_iterations": 1,
        "objective_value": 172.06019641162112,
        "correction_norm": 3.1001865613113684,
        "min_clearance_before": 0.10010414359172834,
        "min_clearance_after": -0.03843087931767161,
        "total_violation_before": 0.3569709823608398,
        "total_violation_after": 0.03843087931767161,
        "joint_violation_before": 0.0,
        "joint_violation_after": 0.0,
        "velocity_violation_before": 0.1594936416625976,
        "velocity_violation_after": 0.0,
        "acceleration_violation_before": 0.1974773406982422,
        "acceleration_violation_after": 0.0,
        "goal_error_before": 0.9139086089876021,
        "goal_error_after": 0.4030496547610126,
        "corridor_collision_count": 0,
        "error": ""
      },
      {
        "solver_success": true,
        "solver_status": 0,
        "solver_runtime_sec": 0.010365288006141782,
        "total_runtime_sec": 0.0940568660153076,
        "solver_iterations": 1,
        "objective_value": 59.53803820423978,
        "correction_norm": 2.996762055399083,
        "min_clearance_before": -0.005844888557082026,
        "min_clearance_after": 0.0187247943213954,
        "total_violation_before": 0.24554661823618956,
        "total_violation_after": 0.003832786662105514,
        "joint_violation_before": 0.0,
        "joint_violation_after": 0.0,
        "velocity_violation_before": 0.23970172967910752,
        "velocity_violation_after": 0.003832786662105514,
        "acceleration_violation_before": 0.0,
        "acceleration_violation_after": 0.0,
        "goal_error_before": 0.24972484841178322,
        "goal_error_after": 0.2248497526588427,
        "corridor_collision_count": 0,
        "error": ""
      },
      {
        "solver_success": true,
        "solver_status": 0,
        "solver_runtime_sec": 0.010435429983772337,
        "total_runtime_sec": 0.0936942960252054,
        "solver_iterations": 1,
        "objective_value": 326.9869450011011,
        "correction_norm": 4.292886594741909,
        "min_clearance_before": 0.12957097332088224,
        "min_clearance_after": -0.04128905267247505,
        "total_violation_before": 0.0,
        "total_violation_after": 0.04128905267247505,
        "joint_violation_before": 0.0,
        "joint_violation_after": 0.0,
        "velocity_violation_before": 0.0,
        "velocity_violation_after": 0.0,
        "acceleration_violation_before": 0.0,
        "acceleration_violation_after": 0.0,
        "goal_error_before": 1.022117422700205,
        "goal_error_after": 0.5554800154719156,
        "corridor_collision_count": 0,
        "error": ""
      }
    ],
    "passed": true
  },
  "all_passed": true,
  "hard_constraint_probe": {
    "projection_formulation": "hard Cartesian constraint at returned knot H-1: ||FK(q_H)-x_goal|| <= 0.03 m",
    "identity_projection_invariance": {
      "max_abs_difference": 0.0,
      "l2_difference": 0.0,
      "passed": true
    },
    "projection_fixed_point": {
      "count": 6,
      "median_correction": 7.767507410795321e-08,
      "mean_correction": 3.955784332104985e-07,
      "maximum_correction": 1.578206885270726e-06,
      "first_projection_successes": 6,
      "passed": true
    },
    "successful_projection_count": 0,
    "attempted_projection_count": 6,
    "all_passed": false
  }
}
PHASE0_SOFT_EXIT=0
